        <testcase name="Testing Other Endpoints">
        </testcase>